// Jest Snapshot v1, https://goo.gl/fbAQLP

exports[`test product import and rename 1`] = `
"/**
 * auto generated by dubbo dj
 * ~~~ 💗 mechine coding 💗 ~~~
 */

import java from 'js-to-java'
import User from './User'
import User1 from './service/User'

export interface IProduct {
  /**
   * 商品
   */
  id: number

  /**
   * 价格
   */
  price: number

  /**
   * 颜色
   */
  color: string

  /**
   * 管理用户
   */
  user: User

  /**
   * xx
   */
  user2: User
  h: User1
}

export default class Product {
  /**
   * 商品
   */
  id: number

  /**
   * 价格
   */
  price: number

  /**
   * 颜色
   */
  color: string

  /**
   * 管理用户
   */
  user: User

  /**
   * xx
   */
  user2: User
  h: User1

  constructor(props: IProduct) {
    this.id = props.id
    this.price = props.price
    this.color = props.color
    this.user = props.user
    this.user2 = props.user2
    this.h = props.h
  }

  __fields2java() {
    java('org.apache.dubbo.js.Product', {
      id: java.Integer(this.id),
      price: java.Integer(this.price),
      color: java.String(this.color),
      user: this.user.__fields2java(),
      user2: this.user2.__fields2java(),
      h: this.h.__fields2java(),
    })
  }
}
"
`;

exports[`test user inf and class 1`] = `
JavaClazz {
  "clsName": "User",
  "deps": Deps {
    "map": Map {
      "java" => Object {
        "map": Object {
          "js-to-java": "java",
        },
        "offset": 1,
      },
    },
  },
  "fields": Array [
    Object {
      "comment": "
    /**
    * 用户id
    */
   ",
      "name": "id",
      "type": Object {
        "javaType": "java.Integer(this.id)",
        "tsType": "number",
      },
    },
    Object {
      "comment": "
    /**
    * 用户名
    */
   ",
      "name": "name",
      "type": Object {
        "javaType": "java.String(this.name)",
        "tsType": "string",
      },
    },
    Object {
      "comment": "",
      "name": "isMale",
      "type": Object {
        "javaType": "java.Boolean(this.isMale)",
        "tsType": "boolean",
      },
    },
  ],
  "fullClsName": "org.apache.dubbo.js.User",
  "infName": "IUser",
}
`;

exports[`test user inf and class 2`] = `
"{
  \\"fullClsName\\": \\"org.apache.dubbo.js.User\\",
  \\"clsName\\": \\"User\\",
  \\"infName\\": \\"IUser\\",
  \\"deps\\": {
    \\"map\\": {}
  },
  \\"fields\\": [
    {
      \\"name\\": \\"id\\",
      \\"type\\": {
        \\"tsType\\": \\"number\\",
        \\"javaType\\": \\"java.Integer(this.id)\\"
      },
      \\"comment\\": \\"\\\\n    /**\\\\n    * 用户id\\\\n    */\\\\n   \\"
    },
    {
      \\"name\\": \\"name\\",
      \\"type\\": {
        \\"tsType\\": \\"string\\",
        \\"javaType\\": \\"java.String(this.name)\\"
      },
      \\"comment\\": \\"\\\\n    /**\\\\n    * 用户名\\\\n    */\\\\n   \\"
    },
    {
      \\"name\\": \\"isMale\\",
      \\"type\\": {
        \\"tsType\\": \\"boolean\\",
        \\"javaType\\": \\"java.Boolean(this.isMale)\\"
      },
      \\"comment\\": \\"\\"
    }
  ]
}"
`;

exports[`test user inf and class 3`] = `
"/**
 * auto generated by dubbo dj
 * ~~~ 💗 mechine coding 💗 ~~~
 */

import java from 'js-to-java'

export interface IUser {
  /**
   * 用户id
   */
  id: number

  /**
   * 用户名
   */
  name: string
  isMale: boolean
}

export default class User {
  /**
   * 用户id
   */
  id: number

  /**
   * 用户名
   */
  name: string
  isMale: boolean

  constructor(props: IUser) {
    this.id = props.id
    this.name = props.name
    this.isMale = props.isMale
  }

  __fields2java() {
    java('org.apache.dubbo.js.User', {
      id: java.Integer(this.id),
      name: java.String(this.name),
      isMale: java.Boolean(this.isMale),
    })
  }
}
"
`;
