// Jest Snapshot v1, https://goo.gl/fbAQLP

exports[`test java list 1`] = `
"/**
 * auto generated by dubbo dj
 * ~~~ ðŸ’— mechine coding ðŸ’— ~~~
 */

import java from 'js-to-java'
import s from '@dubbo/dj-suger'
import Foo from '../../dubbo/domain/Foo'

export interface IUser {
  id: boolean
  likes: Array<string>
  list: Array<Foo>
  listFoo: Array<Foo>
  fooSet: Array<Foo>
  fooCollection: Array<Foo>
  map: Map<string, string>
}

export default class User {
  id: boolean
  likes: Array<string>
  list: Array<Foo>
  listFoo: Array<Foo>
  fooSet: Array<Foo>
  fooCollection: Array<Foo>
  map: Map<string, string>

  constructor(props: IUser) {
    this.id = props.id
    this.likes = props.likes
    this.list = props.list
    this.listFoo = props.listFoo
    this.fooSet = props.fooSet
    this.fooCollection = props.fooCollection
    this.map = props.map
  }

  __fields2java() {
    java('org.apache.duboo.domain.User', {
      id: java.Boolean(this.id),
      likes: java.List(s.$lhs(this.likes, java.String)),
      list: java.List(s.$lhs(this.list)),
      listFoo: java.List(s.$lhs(this.listFoo)),
      fooSet: java.Set(s.$lhs(this.fooSet)),
      fooCollection: java.Collection(s.$lhs(this.fooCollection)),
      map: s.$mhs(this.map, java.String),
    })
  }
}
"
`;

exports[`test java list 2`] = `
Enum {
  "curFilePath": "./dubbo/ts/org/apache/dubbo/service/Color.ts",
  "fullClsName": "org.apache.dubbo.service.Color",
  "javaEnum": JavaEnum {
    "clsName": "Color",
    "deps": Deps {
      "map": Map {},
    },
    "fields": Array [
      Object {
        "comment": "",
        "name": "Red",
        "val": 0,
      },
      Object {
        "comment": "",
        "name": "Green",
        "val": 1,
      },
      Object {
        "comment": "",
        "name": "Blue",
        "val": 2,
      },
    ],
    "fullClsName": "org.apache.dubbo.service.Color",
    "infName": "IColor",
  },
}
`;
