// Jest Snapshot v1, https://goo.gl/fbAQLP

exports[`test java service 1`] = `
"{
  \\"fullClsName\\": \\"org.apache.dubbo.service.UserService\\",
  \\"clsName\\": \\"UserService\\",
  \\"infName\\": \\"IUserService\\",
  \\"deps\\": {
    \\"map\\": {}
  },
  \\"_group\\": \\"A\\",
  \\"_version\\": \\"1.0.0\\",
  \\"_methods\\": {
    \\"sayHello\\": {
      \\"args\\": [
        {
          \\"name\\": \\"isExit\\",
          \\"type\\": \\"boolean\\"
        },
        {
          \\"name\\": \\"user\\",
          \\"type\\": \\"User\\"
        }
      ],
      \\"ret\\": \\"number\\"
    },
    \\"sayHi\\": {
      \\"args\\": [
        {
          \\"name\\": \\"i\\",
          \\"type\\": \\"number\\"
        }
      ],
      \\"ret\\": \\"string\\"
    }
  },
  \\"_curMethodName\\": \\"sayHi\\"
}"
`;

exports[`test java service 2`] = `
"/**
 * auto generated by dubbo dj
 * ~~~ ðŸ’— mechine coding ðŸ’— ~~~
 */

import User from '../domain/User'
import UserService from './base/UserService'

export default class UserServiceImpl extends UserService {
  dubboInterface = 'org.apache.dubbo.service.UserService'
  group = ''
  version = '1.0.0'

  sayHello(user: User): User {
    throw new Error('Method not implemented.')
  }

  sayWorld(user: User, name: string): string {
    throw new Error('Method not implemented.')
  }
}
"
`;
