// Jest Snapshot v1, https://goo.gl/fbAQLP

exports[`test user entity 1`] = `
"/**
 * auto generated by dubbo dj
 * ~~~ 💗 machine coding 💗 ~~~
 */

import java from 'js-to-java'
import s from '@dubbo/sugar'
import Color from '../enum/Color'
import IAddr from '../entity/Addr'

export interface IUser {
  /**
   * 用户id
   */
  id: number
  i: number
  s: number
  us: number
  ch: string
  uch: string

  /**
   * 用户名
   */
  name: string
  bool: boolean
  bl: boolean
  dou: number
  dd: number
  f: number
  ff: number
  ul: number
  l: number
  maps: Map<string>
  ss: Array<string>
  se: Array<Color>
  ll: Array<Color>
  color: Color
  addr: IAddr
  addrs: Array<IAddr>
}

/**
 * 用户模块
 */

export default class User {
  /**
   * 用户id
   */
  id: number
  i: number
  s: number
  us: number
  ch: string
  uch: string

  /**
   * 用户名
   */
  name: string
  bool: boolean
  bl: boolean
  dou: number
  dd: number
  f: number
  ff: number
  ul: number
  l: number
  maps: Map<string>
  ss: Array<string>
  se: Array<Color>
  ll: Array<Color>
  color: Color
  addr: IAddr
  addrs: Array<IAddr>

  constructor(props: IUser) {
    this.id = props.id
    this.i = props.i
    this.s = props.s
    this.us = props.us
    this.ch = props.ch
    this.uch = props.uch
    this.name = props.name
    this.bool = props.bool
    this.bl = props.bl
    this.dou = props.dou
    this.dd = props.dd
    this.f = props.f
    this.ff = props.ff
    this.ul = props.ul
    this.l = props.l
    this.maps = props.maps
    this.ss = props.ss
    this.se = props.se
    this.ll = props.ll
    this.color = props.color
    this.addr = props.addr
    this.addrs = props.addrs
  }

  __fields2java() {
    java('org.apache.dubbo.domain.User', {
      id: java.Integer(this.id),
      i: java.int(this.i),
      s: java.short(this.s),
      us: java.Short(this.us),
      ch: java.char(this.ch),
      uch: java.Char(this.uch),
      name: java.String(this.name),
      bool: java.boolean(this.bool),
      bl: java.Boolean(this.bl),
      dou: java.Double(this.dou),
      dd: java.double(this.dd),
      f: java.float(this.f),
      ff: java.Float(this.ff),
      ul: java.Long(this.ul),
      l: java.long(this.l),
      maps: s.$mhs(this.maps, java.String),
      ss: java.Set(s.$lhs(this.ss, java.String)),
      se: java.Set(s.$lhs(this.se)),
      ll: java.List(s.$lhs(this.ll)),
      color: java.enum('org.apache.dubbo.enum.Color', Color[this.color]),
      addr: this.addr.__fields2java(),
      addrs: java.List(s.$lhs(this.addrs)),
    })
  }
}
"
`;
