// Jest Snapshot v1, https://goo.gl/fbAQLP

exports[`test color number enum 1`] = `
"/**
 * auto generated by dubbo dj
 * ~~~ 💗 machine coding 💗 ~~~
 */

export enum Color {
  /**
   * 红色
   */
  Red = 0,

  /**
   * 绿色
   */
  Green = 1,

  /**
   * 蓝色
   */
  Blue = 2,
}
"
`;

exports[`test string enum 1`] = `
"/**
 * auto generated by dubbo dj
 * ~~~ 💗 machine coding 💗 ~~~
 */

export enum FileType {
  /**
   * PDF
   */
  PDF = 'PDF',

  /**
   * mp3
   */
  MP3 = 'MP3',
}
"
`;
