// Jest Snapshot v1, https://goo.gl/fbAQLP

exports[`test java service 1`] = `
"{
  \\"deps\\": {
    \\"map\\": {}
  },
  \\"inf\\": \\"org.apache.dubbo.service.UserService\\",
  \\"_group\\": \\"\\",
  \\"_version\\": \\"1.0.0\\",
  \\"_methods\\": {
    \\"sayHello\\": {
      \\"args\\": [
        {
          \\"name\\": \\"isExit\\",
          \\"type\\": \\"boolean\\"
        },
        {
          \\"name\\": \\"user\\",
          \\"type\\": \\"User\\"
        }
      ],
      \\"ret\\": \\"number\\"
    },
    \\"sayHi\\": {
      \\"args\\": [
        {
          \\"name\\": \\"i\\",
          \\"type\\": \\"number\\"
        }
      ],
      \\"ret\\": \\"string\\"
    }
  },
  \\"_curMethodName\\": \\"sayHi\\",
  \\"_serviceName\\": \\"UserService\\"
}"
`;

exports[`test java service 2`] = `
"/**
 * auto generated by dubbo dj
 * ~~~ mechine coding ðŸ’— ~~~~
 */

import User from 'org/apache/dubbo/domain/User'

export default class UserService {
  dubboInterface = 'org.apache.dubbo.service.UserService'
  group = ''
  version = '1.0.0'
  sayHello(isExit: boolean, user: User): number {
    // TODO implements this this method
  }

  sayHi(isExit: boolean, user: User, i: number): string {
    // TODO implements this this method
  }
}
"
`;
